// Jest Snapshot v1, https://goo.gl/fbAQLP

exports[`LandingForm Should match snapshot 1`] = `
<div>
  <input
    name="name"
    onChange={[Function]}
    placeholder="Name"
    type="text"
    value=""
  />
  <input
    name="date"
    onChange={[Function]}
    placeholder="Date (MM/DD)"
    type="text"
    value=""
  />
  <input
    name="time"
    onChange={[Function]}
    placeholder="Time"
    type="text"
    value=""
  />
  <input
    name="number"
    onChange={[Function]}
    placeholder="Number of Guests"
    type="text"
  />
  <button
    onClick={[Function]}
  >
    Make Reservation
  </button>
</div>
`;
